// Jest Snapshot v1, https://goo.gl/fbAQLP

exports[`Should render FinishedTaskItem 1`] = `
<Link
  className="finished-tasks__link"
  to="/edit/c638040c-3917-11ea-a137-2e728ce88125"
>
  <div
    className="finished-tasks__headers"
  >
    <div
      className="finished-tasks__column finished-tasks__content"
    >
      TASK-0001
    </div>
    <div
      className="finished-tasks__column finished-tasks__content"
    >
      Job to be finished soon
    </div>
    <div
      className="finished-tasks__column finished-tasks__content"
    >
      07:00:10
    </div>
    <div
      className="finished-tasks__column finished-tasks__content"
    >
      07:00:30
    </div>
  </div>
</Link>
`;
