// Jest Snapshot v1, https://goo.gl/fbAQLP

exports[`Should render FinishedTaskItem 1`] = `
<Link
  className="finished-tasks__link"
  to="/edit/c638040c-3917-11ea-a137-2e728ce88125"
>
  <div
    className="finished-tasks__item"
  >
    <div>
      TASK-0001
    </div>
    <div>
      Job to be finished soon
    </div>
    <div>
      <span>
        07:00:10 PM
      </span>
      <span>
        -
      </span>
      <span>
        07:00:30 PM
      </span>
    </div>
  </div>
</Link>
`;
